// Jest Snapshot v1, https://goo.gl/fbAQLP

exports[`loads 1`] = `
<Consumer>
  <Component />
</Consumer>
`;
